test_thermal PASS
test_thickness PASS
test_scan_stop PASS
test_scope PASS
